A51 MACRO ASSEMBLER  FACTORIAL                                                            04/14/2024 22:45:55 PAGE     1


MACRO ASSEMBLER A51 V8.2.7.0
OBJECT MODULE PLACED IN .\Objects\Factorial.obj
ASSEMBLER INVOKED BY: C:\Keil_v5\C51\BIN\A51.EXE Factorial.a51 SET(SMALL) DEBUG PRINT(.\Listings\Factorial.lst) OBJECT(.
                      \Objects\Factorial.obj) EP

LOC  OBJ            LINE     SOURCE

0000                   1     ORG 0000h
0000 7905              2             MOV R1,#05h
0002 7401              3             MOV A,#01h
0004 89F0              4             FACTORIAL: MOV B,R1
0006 A4                5             MUL AB
0007 D9FB              6             DJNZ R1,FACTORIAL
                       7             END
A51 MACRO ASSEMBLER  FACTORIAL                                                            04/14/2024 22:45:55 PAGE     2

SYMBOL TABLE LISTING
------ ----- -------


N A M E             T Y P E  V A L U E   ATTRIBUTES

B. . . . . . . . .  D ADDR   00F0H   A   
FACTORIAL. . . . .  C ADDR   0004H   A   


REGISTER BANK(S) USED: 0 


ASSEMBLY COMPLETE.  0 WARNING(S), 0 ERROR(S)
